Archive member included to satisfy reference by file (symbol)

/opt/Atollic_TrueSTUDIO_for_ARM_x86_64_8.0.0/ARMTools/bin/../lib/gcc/arm-atollic-eabi/6.3.1/../../../../arm-atollic-eabi/lib/armv7e-m/fpu/libc_nano.a(lib_a-exit.o)
                              /opt/Atollic_TrueSTUDIO_for_ARM_x86_64_8.0.0/ARMTools/bin/../lib/gcc/arm-atollic-eabi/6.3.1/../../../../arm-atollic-eabi/lib/armv7e-m/fpu/rdimon-crt0.o (exit)
/opt/Atollic_TrueSTUDIO_for_ARM_x86_64_8.0.0/ARMTools/bin/../lib/gcc/arm-atollic-eabi/6.3.1/../../../../arm-atollic-eabi/lib/armv7e-m/fpu/libc_nano.a(lib_a-impure.o)
                              /opt/Atollic_TrueSTUDIO_for_ARM_x86_64_8.0.0/ARMTools/bin/../lib/gcc/arm-atollic-eabi/6.3.1/../../../../arm-atollic-eabi/lib/armv7e-m/fpu/libc_nano.a(lib_a-exit.o) (_global_impure_ptr)
/opt/Atollic_TrueSTUDIO_for_ARM_x86_64_8.0.0/ARMTools/bin/../lib/gcc/arm-atollic-eabi/6.3.1/../../../../arm-atollic-eabi/lib/armv7e-m/fpu/libc_nano.a(lib_a-init.o)
                              /opt/Atollic_TrueSTUDIO_for_ARM_x86_64_8.0.0/ARMTools/bin/../lib/gcc/arm-atollic-eabi/6.3.1/../../../../arm-atollic-eabi/lib/armv7e-m/fpu/rdimon-crt0.o (__libc_init_array)
/opt/Atollic_TrueSTUDIO_for_ARM_x86_64_8.0.0/ARMTools/bin/../lib/gcc/arm-atollic-eabi/6.3.1/../../../../arm-atollic-eabi/lib/armv7e-m/fpu/libc_nano.a(lib_a-memcpy-stub.o)
                              Middlewares/FreeRTOS/queue.o (memcpy)
/opt/Atollic_TrueSTUDIO_for_ARM_x86_64_8.0.0/ARMTools/bin/../lib/gcc/arm-atollic-eabi/6.3.1/../../../../arm-atollic-eabi/lib/armv7e-m/fpu/libc_nano.a(lib_a-memset.o)
                              /opt/Atollic_TrueSTUDIO_for_ARM_x86_64_8.0.0/ARMTools/bin/../lib/gcc/arm-atollic-eabi/6.3.1/../../../../arm-atollic-eabi/lib/armv7e-m/fpu/rdimon-crt0.o (memset)
/opt/Atollic_TrueSTUDIO_for_ARM_x86_64_8.0.0/ARMTools/bin/../lib/gcc/arm-atollic-eabi/6.3.1/../../../../arm-atollic-eabi/lib/armv7e-m/fpu/libnosys.a(_exit.o)
                              /opt/Atollic_TrueSTUDIO_for_ARM_x86_64_8.0.0/ARMTools/bin/../lib/gcc/arm-atollic-eabi/6.3.1/../../../../arm-atollic-eabi/lib/armv7e-m/fpu/libc_nano.a(lib_a-exit.o) (_exit)
/opt/Atollic_TrueSTUDIO_for_ARM_x86_64_8.0.0/ARMTools/bin/../lib/gcc/arm-atollic-eabi/6.3.1/../../../../arm-atollic-eabi/lib/armv7e-m/fpu/librdimon_nano.a(rdimon-syscalls.o)
                              /opt/Atollic_TrueSTUDIO_for_ARM_x86_64_8.0.0/ARMTools/bin/../lib/gcc/arm-atollic-eabi/6.3.1/../../../../arm-atollic-eabi/lib/armv7e-m/fpu/rdimon-crt0.o (initialise_monitor_handles)
/opt/Atollic_TrueSTUDIO_for_ARM_x86_64_8.0.0/ARMTools/bin/../lib/gcc/arm-atollic-eabi/6.3.1/../../../../arm-atollic-eabi/lib/armv7e-m/fpu/libc_nano.a(lib_a-errno.o)
                              /opt/Atollic_TrueSTUDIO_for_ARM_x86_64_8.0.0/ARMTools/bin/../lib/gcc/arm-atollic-eabi/6.3.1/../../../../arm-atollic-eabi/lib/armv7e-m/fpu/librdimon_nano.a(rdimon-syscalls.o) (__errno)
/opt/Atollic_TrueSTUDIO_for_ARM_x86_64_8.0.0/ARMTools/bin/../lib/gcc/arm-atollic-eabi/6.3.1/../../../../arm-atollic-eabi/lib/armv7e-m/fpu/libc_nano.a(lib_a-findfp.o)
                              /opt/Atollic_TrueSTUDIO_for_ARM_x86_64_8.0.0/ARMTools/bin/../lib/gcc/arm-atollic-eabi/6.3.1/../../../../arm-atollic-eabi/lib/armv7e-m/fpu/librdimon_nano.a(rdimon-syscalls.o) (__sinit)
/opt/Atollic_TrueSTUDIO_for_ARM_x86_64_8.0.0/ARMTools/bin/../lib/gcc/arm-atollic-eabi/6.3.1/../../../../arm-atollic-eabi/lib/armv7e-m/fpu/libc_nano.a(lib_a-fwalk.o)
                              /opt/Atollic_TrueSTUDIO_for_ARM_x86_64_8.0.0/ARMTools/bin/../lib/gcc/arm-atollic-eabi/6.3.1/../../../../arm-atollic-eabi/lib/armv7e-m/fpu/libc_nano.a(lib_a-findfp.o) (_fwalk)
/opt/Atollic_TrueSTUDIO_for_ARM_x86_64_8.0.0/ARMTools/bin/../lib/gcc/arm-atollic-eabi/6.3.1/../../../../arm-atollic-eabi/lib/armv7e-m/fpu/libc_nano.a(lib_a-nano-mallocr.o)
                              /opt/Atollic_TrueSTUDIO_for_ARM_x86_64_8.0.0/ARMTools/bin/../lib/gcc/arm-atollic-eabi/6.3.1/../../../../arm-atollic-eabi/lib/armv7e-m/fpu/libc_nano.a(lib_a-findfp.o) (_malloc_r)
/opt/Atollic_TrueSTUDIO_for_ARM_x86_64_8.0.0/ARMTools/bin/../lib/gcc/arm-atollic-eabi/6.3.1/../../../../arm-atollic-eabi/lib/armv7e-m/fpu/libc_nano.a(lib_a-sbrkr.o)
                              /opt/Atollic_TrueSTUDIO_for_ARM_x86_64_8.0.0/ARMTools/bin/../lib/gcc/arm-atollic-eabi/6.3.1/../../../../arm-atollic-eabi/lib/armv7e-m/fpu/libc_nano.a(lib_a-nano-mallocr.o) (_sbrk_r)
/opt/Atollic_TrueSTUDIO_for_ARM_x86_64_8.0.0/ARMTools/bin/../lib/gcc/arm-atollic-eabi/6.3.1/../../../../arm-atollic-eabi/lib/armv7e-m/fpu/libc_nano.a(lib_a-stdio.o)
                              /opt/Atollic_TrueSTUDIO_for_ARM_x86_64_8.0.0/ARMTools/bin/../lib/gcc/arm-atollic-eabi/6.3.1/../../../../arm-atollic-eabi/lib/armv7e-m/fpu/libc_nano.a(lib_a-findfp.o) (__sread)
/opt/Atollic_TrueSTUDIO_for_ARM_x86_64_8.0.0/ARMTools/bin/../lib/gcc/arm-atollic-eabi/6.3.1/../../../../arm-atollic-eabi/lib/armv7e-m/fpu/libc_nano.a(lib_a-strlen.o)
[...]
Memory Configuration

Name             Origin             Length             Attributes
FLASH            0x0000000008000000 0x0000000000100000 xr
RAM              0x0000000020000000 0x0000000000020000 xrw
CCMRAM           0x0000000010000000 0x0000000000010000 rw
*default*        0x0000000000000000 0xffffffffffffffff

Linker script and memory map

LOAD /opt/Atollic_TrueSTUDIO_for_ARM_x86_64_8.0.0/ARMTools/bin/../lib/gcc/arm-atollic-eabi/6.3.1/armv7e-m/fpu/crti.o
LOAD /opt/Atollic_TrueSTUDIO_for_ARM_x86_64_8.0.0/ARMTools/bin/../lib/gcc/arm-atollic-eabi/6.3.1/armv7e-m/fpu/crtbegin.o
LOAD /opt/Atollic_TrueSTUDIO_for_ARM_x86_64_8.0.0/ARMTools/bin/../lib/gcc/arm-atollic-eabi/6.3.1/../../../../arm-atollic-eabi/lib/armv7e-m/fpu/rdimon-crt0.o
LOAD Application/SW4STM32/startup_stm32f407xx.o
LOAD Application/User/main.o
LOAD Application/User/stm32f4xx_it.o
LOAD Drivers/BSP/Components/stmpe1600/stmpe1600.o
LOAD Drivers/BSP/STM32F4-Discovery/stm32f4_discovery.o
LOAD Drivers/CMSIS/system_stm32f4xx.o
LOAD Drivers/STM32F4xx_HAL_Driver/Src/stm32f4xx_hal.o
LOAD Drivers/STM32F4xx_HAL_Driver/Src/stm32f4xx_hal_cortex.o
LOAD Drivers/STM32F4xx_HAL_Driver/Src/stm32f4xx_hal_crc.o
LOAD Drivers/STM32F4xx_HAL_Driver/Src/stm32f4xx_hal_dma.o
LOAD Drivers/STM32F4xx_HAL_Driver/Src/stm32f4xx_hal_dma2d.o
LOAD Drivers/STM32F4xx_HAL_Driver/Src/stm32f4xx_hal_flash.o
LOAD Drivers/STM32F4xx_HAL_Driver/Src/stm32f4xx_hal_flash_ex.o
LOAD Drivers/STM32F4xx_HAL_Driver/Src/stm32f4xx_hal_gpio.o
LOAD Drivers/STM32F4xx_HAL_Driver/Src/stm32f4xx_hal_i2c.o
LOAD Drivers/STM32F4xx_HAL_Driver/Src/stm32f4xx_hal_i2c_ex.o
LOAD Drivers/STM32F4xx_HAL_Driver/Src/stm32f4xx_hal_i2s.o
LOAD Drivers/STM32F4xx_HAL_Driver/Src/stm32f4xx_hal_pwr.o
LOAD Drivers/STM32F4xx_HAL_Driver/Src/stm32f4xx_hal_pwr_ex.o
LOAD Drivers/STM32F4xx_HAL_Driver/Src/stm32f4xx_hal_rcc.o
LOAD Drivers/STM32F4xx_HAL_Driver/Src/stm32f4xx_hal_rcc_ex.o
LOAD Drivers/STM32F4xx_HAL_Driver/Src/stm32f4xx_hal_tim.o
LOAD Drivers/STM32F4xx_HAL_Driver/Src/stm32f4xx_hal_tim_ex.o
LOAD Drivers/STM32F4xx_HAL_Driver/Src/stm32f4xx_hal_uart.o
LOAD Drivers/STM32F4xx_HAL_Driver/Src/stm32f4xx_hal_usart.o
LOAD Middlewares/FreeRTOS/CMSIS_RTOS/cmsis_os.o
LOAD Middlewares/FreeRTOS/list.o
LOAD Middlewares/FreeRTOS/portable/heap_4.o
LOAD Middlewares/FreeRTOS/portable/port.o
LOAD Middlewares/FreeRTOS/queue.o
LOAD Middlewares/FreeRTOS/tasks.o
LOAD Middlewares/FreeRTOS/timers.o
                0x0000000000000080                malloc_getpagesize_P = 0x80
START GROUP
LOAD /opt/Atollic_TrueSTUDIO_for_ARM_x86_64_8.0.0/ARMTools/bin/../lib/gcc/arm-atollic-eabi/6.3.1/../../../../arm-atollic-eabi/lib/armv7e-m/fpu/libc_nano.a
LOAD /opt/Atollic_TrueSTUDIO_for_ARM_x86_64_8.0.0/ARMTools/bin/../lib/gcc/arm-atollic-eabi/6.3.1/../../../../arm-atollic-eabi/lib/armv7e-m/fpu/libm.a
END GROUP
START GROUP
LOAD /opt/Atollic_TrueSTUDIO_for_ARM_x86_64_8.0.0/ARMTools/bin/../lib/gcc/arm-atollic-eabi/6.3.1/armv7e-m/fpu/libgcc.a
LOAD /opt/Atollic_TrueSTUDIO_for_ARM_x86_64_8.0.0/ARMTools/bin/../lib/gcc/arm-atollic-eabi/6.3.1/../../../../arm-atollic-eabi/lib/armv7e-m/fpu/libc_nano.a
END GROUP
START GROUP
LOAD /opt/Atollic_TrueSTUDIO_for_ARM_x86_64_8.0.0/ARMTools/bin/../lib/gcc/arm-atollic-eabi/6.3.1/armv7e-m/fpu/libgcc.a
LOAD /opt/Atollic_TrueSTUDIO_for_ARM_x86_64_8.0.0/ARMTools/bin/../lib/gcc/arm-atollic-eabi/6.3.1/../../../../arm-atollic-eabi/lib/armv7e-m/fpu/libc_nano.a
LOAD /opt/Atollic_TrueSTUDIO_for_ARM_x86_64_8.0.0/ARMTools/bin/../lib/gcc/arm-atollic-eabi/6.3.1/../../../../arm-atollic-eabi/lib/armv7e-m/fpu/libnosys.a
END GROUP
START GROUP
LOAD /opt/Atollic_TrueSTUDIO_for_ARM_x86_64_8.0.0/ARMTools/bin/../lib/gcc/arm-atollic-eabi/6.3.1/armv7e-m/fpu/libgcc.a
LOAD /opt/Atollic_TrueSTUDIO_for_ARM_x86_64_8.0.0/ARMTools/bin/../lib/gcc/arm-atollic-eabi/6.3.1/../../../../arm-atollic-eabi/lib/armv7e-m/fpu/libc_nano.a
LOAD /opt/Atollic_TrueSTUDIO_for_ARM_x86_64_8.0.0/ARMTools/bin/../lib/gcc/arm-atollic-eabi/6.3.1/../../../../arm-atollic-eabi/lib/armv7e-m/fpu/librdimon_nano.a
END GROUP
START GROUP
LOAD /opt/Atollic_TrueSTUDIO_for_ARM_x86_64_8.0.0/ARMTools/bin/../lib/gcc/arm-atollic-eabi/6.3.1/armv7e-m/fpu/libgcc.a
LOAD /opt/Atollic_TrueSTUDIO_for_ARM_x86_64_8.0.0/ARMTools/bin/../lib/gcc/arm-atollic-eabi/6.3.1/../../../../arm-atollic-eabi/lib/armv7e-m/fpu/libc_nano.a
LOAD /opt/Atollic_TrueSTUDIO_for_ARM_x86_64_8.0.0/ARMTools/bin/../lib/gcc/arm-atollic-eabi/6.3.1/../../../../arm-atollic-eabi/lib/armv7e-m/fpu/librdimon_nano.a
LOAD /opt/Atollic_TrueSTUDIO_for_ARM_x86_64_8.0.0/ARMTools/bin/../lib/gcc/arm-atollic-eabi/6.3.1/../../../../arm-atollic-eabi/lib/armv7e-m/fpu/libnosys.a
END GROUP
LOAD /opt/Atollic_TrueSTUDIO_for_ARM_x86_64_8.0.0/ARMTools/bin/../lib/gcc/arm-atollic-eabi/6.3.1/armv7e-m/fpu/crtend.o
LOAD /opt/Atollic_TrueSTUDIO_for_ARM_x86_64_8.0.0/ARMTools/bin/../lib/gcc/arm-atollic-eabi/6.3.1/armv7e-m/fpu/crtn.o
                0x0000000020020000                _estack = 0x20020000
                0x0000000000000200                _Min_Heap_Size = 0x200
                0x0000000000000400                _Min_Stack_Size = 0x400

.isr_vector     0x0000000008000000      0x188
                0x0000000008000000                . = ALIGN (0x4)
 *(.isr_vector)
 .isr_vector    0x0000000008000000      0x188 Application/SW4STM32/startup_stm32f407xx.o
                0x0000000008000000                g_pfnVectors
                0x0000000008000188                . = ALIGN (0x4)

.text           0x0000000008000190     0x2588
                0x0000000008000190                . = ALIGN (0x4)
 *(.text)
 .text          0x0000000008000190       0x40 /opt/Atollic_TrueSTUDIO_for_ARM_x86_64_8.0.0/ARMTools/bin/../lib/gcc/arm-atollic-eabi/6.3.1/armv7e-m/fpu/crtbegin.o
 *(.text*)
 .text.Reset_Handler
                0x00000000080001d0       0x50 Application/SW4STM32/startup_stm32f407xx.o
                0x00000000080001d0                Reset_Handler
 .text.Default_Handler
                0x0000000008000220        0x2 Application/SW4STM32/startup_stm32f407xx.o
                0x0000000008000220                RTC_Alarm_IRQHandler
                0x0000000008000220                HASH_RNG_IRQHandler
                0x0000000008000220                EXTI2_IRQHandler
                0x0000000008000220                TIM8_CC_IRQHandler
                0x0000000008000220                TIM1_CC_IRQHandler
                0x0000000008000220                DMA2_Stream5_IRQHandler
                0x0000000008000220                DMA1_Stream5_IRQHandler
                0x0000000008000220                PVD_IRQHandler
                0x0000000008000220                SDIO_IRQHandler
                0x0000000008000220                TAMP_STAMP_IRQHandler
                0x0000000008000220                CAN2_RX1_IRQHandler
                0x0000000008000220                EXTI3_IRQHandler
                0x0000000008000220                TIM8_TRG_COM_TIM14_IRQHandler
                0x0000000008000220                TIM1_UP_TIM10_IRQHandler
                0x0000000008000220                TIM8_UP_TIM13_IRQHandler
                0x0000000008000220                I2C3_ER_IRQHandler
                0x0000000008000220                EXTI0_IRQHandler
                0x0000000008000220                I2C2_EV_IRQHandler
                0x0000000008000220                DMA1_Stream2_IRQHandler
                0x0000000008000220                CAN1_RX0_IRQHandler
                0x0000000008000220                FPU_IRQHandler
                0x0000000008000220                OTG_HS_WKUP_IRQHandler
                0x0000000008000220                CAN2_SCE_IRQHandler
                0x0000000008000220                DMA2_Stream2_IRQHandler
                0x0000000008000220                SPI1_IRQHandler
                0x0000000008000220                TIM6_DAC_IRQHandler
                0x0000000008000220                TIM1_BRK_TIM9_IRQHandler
                0x0000000008000220                DCMI_IRQHandler
                0x0000000008000220                CAN2_RX0_IRQHandler
                0x0000000008000220                DMA2_Stream3_IRQHandler
                0x0000000008000220                USART6_IRQHandler
                0x0000000008000220                USART3_IRQHandler
                0x0000000008000220                CAN1_RX1_IRQHandler
                0x0000000008000220                UART5_IRQHandler
                0x0000000008000220                DMA2_Stream0_IRQHandler
                0x0000000008000220                TIM4_IRQHandler
                0x0000000008000220                I2C1_EV_IRQHandler
                0x0000000008000220                DMA1_Stream6_IRQHandler
                0x0000000008000220                DMA1_Stream1_IRQHandler
                0x0000000008000220                UART4_IRQHandler
                0x0000000008000220                TIM3_IRQHandler
                0x0000000008000220                RCC_IRQHandler
                0x0000000008000220                TIM8_BRK_TIM12_IRQHandler
                0x0000000008000220                Default_Handler
                0x0000000008000220                EXTI15_10_IRQHandler
                0x0000000008000220                ADC_IRQHandler
                0x0000000008000220                DMA1_Stream7_IRQHandler
                0x0000000008000220                TIM7_IRQHandler
                0x0000000008000220                CAN2_TX_IRQHandler
                0x0000000008000220                TIM5_IRQHandler
                0x0000000008000220                DMA2_Stream7_IRQHandler
                0x0000000008000220                I2C3_EV_IRQHandler
                0x0000000008000220                EXTI9_5_IRQHandler
                0x0000000008000220                RTC_WKUP_IRQHandler
                0x0000000008000220                ETH_WKUP_IRQHandler
                0x0000000008000220                SPI2_IRQHandler
                0x0000000008000220                OTG_HS_EP1_IN_IRQHandler
                0x0000000008000220                DMA1_Stream0_IRQHandler
                0x0000000008000220                CAN1_TX_IRQHandler
                0x0000000008000220                EXTI4_IRQHandler
                0x0000000008000220                FSMC_IRQHandler
                0x0000000008000220                ETH_IRQHandler
                0x0000000008000220                OTG_HS_EP1_OUT_IRQHandler
                0x0000000008000220                WWDG_IRQHandler
                0x0000000008000220                TIM2_IRQHandler
                0x0000000008000220                OTG_FS_WKUP_IRQHandler
                0x0000000008000220                TIM1_TRG_COM_TIM11_IRQHandler
                0x0000000008000220                OTG_HS_IRQHandler
                0x0000000008000220                EXTI1_IRQHandler
                0x0000000008000220                USART2_IRQHandler
                0x0000000008000220                I2C2_ER_IRQHandler
                0x0000000008000220                DMA2_Stream1_IRQHandler
                0x0000000008000220                CAN1_SCE_IRQHandler
                0x0000000008000220                FLASH_IRQHandler
                0x0000000008000220                DMA2_Stream4_IRQHandler
                0x0000000008000220                USART1_IRQHandler
                0x0000000008000220                OTG_FS_IRQHandler
                0x0000000008000220                SPI3_IRQHandler
                0x0000000008000220                DMA1_Stream4_IRQHandler
                0x0000000008000220                I2C1_ER_IRQHandler
                0x0000000008000220                DMA2_Stream6_IRQHandler
                0x0000000008000220                DMA1_Stream3_IRQHandler
 *fill*         0x0000000008000222        0x2 
 .text.main     0x0000000008000224       0x54 Application/User/main.o
                0x0000000008000224                main
 .text.vTask_LED_ON
                0x0000000008000278       0x4c Application/User/main.o
 .text.vTask_LED_OFF
                0x00000000080002c4       0x40 Application/User/main.o
 .text.SystemClock_Config
                0x0000000008000304       0xd4 Application/User/main.o
 .text.Error_Handler
                0x00000000080003d8        0xc Application/User/main.o
 .text.NMI_Handler
                0x00000000080003e4        0xe Application/User/stm32f4xx_it.o
                0x00000000080003e4                NMI_Handler
 .text.HardFault_Handler
                0x00000000080003f2        0x6 Application/User/stm32f4xx_it.o
                0x00000000080003f2                HardFault_Handler
 .text.MemManage_Handler
                0x00000000080003f8        0x6 Application/User/stm32f4xx_it.o
                0x00000000080003f8                MemManage_Handler
 .text.BusFault_Handler
                0x00000000080003fe        0x6 Application/User/stm32f4xx_it.o
                0x00000000080003fe                BusFault_Handler
 .text.UsageFault_Handler
                0x0000000008000404        0x6 Application/User/stm32f4xx_it.o
                0x0000000008000404                UsageFault_Handler
 .text.DebugMon_Handler
                0x000000000800040a        0xe Application/User/stm32f4xx_it.o
                0x000000000800040a                DebugMon_Handler
 .text.BSP_LED_Init
                0x0000000008000418       0xf0 Drivers/BSP/STM32F4-Discovery/stm32f4_discovery.o
                0x0000000008000418                BSP_LED_Init
 .text.BSP_LED_On
                0x0000000008000508       0x34 Drivers/BSP/STM32F4-Discovery/stm32f4_discovery.o
                0x0000000008000508                BSP_LED_On
 .text.BSP_LED_Off
                0x000000000800053c       0x34 Drivers/BSP/STM32F4-Discovery/stm32f4_discovery.o
                0x000000000800053c                BSP_LED_Off
 .text.SystemInit
                0x0000000008000570       0x6c Drivers/CMSIS/system_stm32f4xx.o
                0x0000000008000570                SystemInit
 .text.HAL_Init
                0x00000000080005dc       0x38 Drivers/STM32F4xx_HAL_Driver/Src/stm32f4xx_hal.o
                0x00000000080005dc                HAL_Init
 .text.HAL_MspInit
                0x0000000008000614        0xe Drivers/STM32F4xx_HAL_Driver/Src/stm32f4xx_hal.o
                0x0000000008000614                HAL_MspInit
 *fill*         0x0000000008000622        0x2 
 .text.HAL_InitTick
                0x0000000008000624       0x38 Drivers/STM32F4xx_HAL_Driver/Src/stm32f4xx_hal.o
                0x0000000008000624                HAL_InitTick
 .text.HAL_GetTick
                0x000000000800065c       0x18 Drivers/STM32F4xx_HAL_Driver/Src/stm32f4xx_hal.o
                0x000000000800065c                HAL_GetTick
 .text.HAL_GetREVID
                0x0000000008000674       0x18 Drivers/STM32F4xx_HAL_Driver/Src/stm32f4xx_hal.o
                0x0000000008000674                HAL_GetREVID
 .text.NVIC_SetPriorityGrouping
                0x000000000800068c       0x48 Drivers/STM32F4xx_HAL_Driver/Src/stm32f4xx_hal_cortex.o
 .text.NVIC_GetPriorityGrouping
                0x00000000080006d4       0x1c Drivers/STM32F4xx_HAL_Driver/Src/stm32f4xx_hal_cortex.o
 .text.NVIC_SetPriority
                0x00000000080006f0       0x54 Drivers/STM32F4xx_HAL_Driver/Src/stm32f4xx_hal_cortex.o
 .text.NVIC_EncodePriority
                0x0000000008000744       0x62 Drivers/STM32F4xx_HAL_Driver/Src/stm32f4xx_hal_cortex.o
 *fill*         0x00000000080007a6        0x2 
 .text.SysTick_Config
                0x00000000080007a8       0x44 Drivers/STM32F4xx_HAL_Driver/Src/stm32f4xx_hal_cortex.o
 .text.HAL_NVIC_SetPriorityGrouping
                0x00000000080007ec       0x16 Drivers/STM32F4xx_HAL_Driver/Src/stm32f4xx_hal_cortex.o
                0x00000000080007ec                HAL_NVIC_SetPriorityGrouping
 .text.HAL_NVIC_SetPriority
                0x0000000008000802       0x38 Drivers/STM32F4xx_HAL_Driver/Src/stm32f4xx_hal_cortex.o
                0x0000000008000802                HAL_NVIC_SetPriority
 .text.HAL_SYSTICK_Config
                0x000000000800083a       0x18 Drivers/STM32F4xx_HAL_Driver/Src/stm32f4xx_hal_cortex.o
                0x000000000800083a                HAL_SYSTICK_Config
 *fill*         0x0000000008000852        0x2 
 .text.HAL_GPIO_Init
                0x0000000008000854      0x334 Drivers/STM32F4xx_HAL_Driver/Src/stm32f4xx_hal_gpio.o
                0x0000000008000854                HAL_GPIO_Init
 .text.HAL_GPIO_WritePin
                0x0000000008000b88       0x32 Drivers/STM32F4xx_HAL_Driver/Src/stm32f4xx_hal_gpio.o
                0x0000000008000b88                HAL_GPIO_WritePin
 *fill*         0x0000000008000bba        0x2 
 .text.HAL_RCC_OscConfig
                0x0000000008000bbc      0x4b4 Drivers/STM32F4xx_HAL_Driver/Src/stm32f4xx_hal_rcc.o
                0x0000000008000bbc                HAL_RCC_OscConfig
 .text.HAL_RCC_ClockConfig
                0x0000000008001070      0x224 Drivers/STM32F4xx_HAL_Driver/Src/stm32f4xx_hal_rcc.o
                0x0000000008001070                HAL_RCC_ClockConfig
 .text.HAL_RCC_GetSysClockFreq
                0x0000000008001294       0xfc Drivers/STM32F4xx_HAL_Driver/Src/stm32f4xx_hal_rcc.o
                0x0000000008001294                HAL_RCC_GetSysClockFreq
 .text.vListInitialise
                0x0000000008001390       0x40 Middlewares/FreeRTOS/list.o
                0x0000000008001390                vListInitialise
 .text.vListInitialiseItem
                0x00000000080013d0       0x1a Middlewares/FreeRTOS/list.o
                0x00000000080013d0                vListInitialiseItem
 .text.vListInsertEnd
                0x00000000080013ea       0x48 Middlewares/FreeRTOS/list.o
                0x00000000080013ea                vListInsertEnd
 .text.vListInsert
                0x0000000008001432       0x72 Middlewares/FreeRTOS/list.o
                0x0000000008001432                vListInsert
 .text.uxListRemove
                0x00000000080014a4       0x54 Middlewares/FreeRTOS/list.o
                0x00000000080014a4                uxListRemove
 .text.pvPortMalloc
                0x00000000080014f8      0x184 Middlewares/FreeRTOS/portable/heap_4.o
                0x00000000080014f8                pvPortMalloc
 .text.vPortFree
                0x000000000800167c       0xb0 Middlewares/FreeRTOS/portable/heap_4.o
                0x000000000800167c                vPortFree
 .text.prvHeapInit
                0x000000000800172c       0xc4 Middlewares/FreeRTOS/portable/heap_4.o
 .text.prvInsertBlockIntoFreeList
                0x00000000080017f0       0xb4 Middlewares/FreeRTOS/portable/heap_4.o
 .text.pxPortInitialiseStack
                0x00000000080018a4       0x68 Middlewares/FreeRTOS/portable/port.o
                0x00000000080018a4                pxPortInitialiseStack
 .text.prvTaskExitError
                0x000000000800190c       0x3c Middlewares/FreeRTOS/portable/port.o
 *fill*         0x0000000008001948        0x8 
 .text.SVC_Handler
                0x0000000008001950       0x28 Middlewares/FreeRTOS/portable/port.o
                0x0000000008001950                SVC_Handler
 .text.prvPortStartFirstTask
                0x0000000008001978       0x20 Middlewares/FreeRTOS/portable/port.o
 .text.xPortStartScheduler
                0x0000000008001998      0x118 Middlewares/FreeRTOS/portable/port.o
                0x0000000008001998                xPortStartScheduler
 .text.vPortEnterCritical
                0x0000000008001ab0       0x5c Middlewares/FreeRTOS/portable/port.o
                0x0000000008001ab0                vPortEnterCritical
 .text.vPortExitCritical
                0x0000000008001b0c       0x50 Middlewares/FreeRTOS/portable/port.o
                0x0000000008001b0c                vPortExitCritical
 *fill*         0x0000000008001b5c        0x4 
 .text.PendSV_Handler
                0x0000000008001b60       0x68 Middlewares/FreeRTOS/portable/port.o
                0x0000000008001b60                PendSV_Handler
 .text.SysTick_Handler
                0x0000000008001bc8       0x40 Middlewares/FreeRTOS/portable/port.o
                0x0000000008001bc8                SysTick_Handler
 .text.vPortSetupTimerInterrupt
                0x0000000008001c08       0x38 Middlewares/FreeRTOS/portable/port.o
                0x0000000008001c08                vPortSetupTimerInterrupt
 .text.vPortEnableVFP
                0x0000000008001c40       0x14 Middlewares/FreeRTOS/portable/port.o
 .text.xTaskCreate
                0x0000000008001c54       0x82 Middlewares/FreeRTOS/tasks.o
                0x0000000008001c54                xTaskCreate
 .text.prvInitialiseNewTask
                0x0000000008001cd6      0x10c Middlewares/FreeRTOS/tasks.o
 *fill*         0x0000000008001de2        0x2 
 .text.prvAddNewTaskToReadyList
                0x0000000008001de4       0xdc Middlewares/FreeRTOS/tasks.o
 .text.vTaskDelayUntil
                0x0000000008001ec0       0xf4 Middlewares/FreeRTOS/tasks.o
                0x0000000008001ec0                vTaskDelayUntil
 .text.vTaskDelay
                0x0000000008001fb4       0x68 Middlewares/FreeRTOS/tasks.o
                0x0000000008001fb4                vTaskDelay
 .text.vTaskStartScheduler
                0x000000000800201c       0x8c Middlewares/FreeRTOS/tasks.o
                0x000000000800201c                vTaskStartScheduler
 .text.vTaskSuspendAll
                0x00000000080020a8       0x1c Middlewares/FreeRTOS/tasks.o
                0x00000000080020a8                vTaskSuspendAll
 .text.xTaskResumeAll
                0x00000000080020c4      0x138 Middlewares/FreeRTOS/tasks.o
                0x00000000080020c4                xTaskResumeAll
 .text.xTaskGetTickCount
                0x00000000080021fc       0x20 Middlewares/FreeRTOS/tasks.o
                0x00000000080021fc                xTaskGetTickCount
 .text.xTaskIncrementTick
                0x000000000800221c      0x178 Middlewares/FreeRTOS/tasks.o
                0x000000000800221c                xTaskIncrementTick
 .text.vTaskSwitchContext
                0x0000000008002394       0xb4 Middlewares/FreeRTOS/tasks.o
                0x0000000008002394                vTaskSwitchContext
 .text.prvIdleTask
                0x0000000008002448       0x30 Middlewares/FreeRTOS/tasks.o
 .text.prvInitialiseTaskLists
                0x0000000008002478       0x80 Middlewares/FreeRTOS/tasks.o
 .text.prvCheckTasksWaitingTermination
                0x00000000080024f8       0x78 Middlewares/FreeRTOS/tasks.o
 .text.prvDeleteTCB
                0x0000000008002570       0x20 Middlewares/FreeRTOS/tasks.o
 .text.prvResetNextTaskUnblockTime
                0x0000000008002590       0x4c Middlewares/FreeRTOS/tasks.o
 .text.prvAddCurrentTaskToDelayedList
                0x00000000080025dc       0xcc Middlewares/FreeRTOS/tasks.o
 .text.__libc_init_array
                0x00000000080026a8       0x48 /opt/Atollic_TrueSTUDIO_for_ARM_x86_64_8.0.0/ARMTools/bin/../lib/gcc/arm-atollic-eabi/6.3.1/../../../../arm-atollic-eabi/lib/armv7e-m/fpu/libc_nano.a(lib_a-init.o)
                0x00000000080026a8                __libc_init_array
 .text.memset   0x00000000080026f0       0x10 /opt/Atollic_TrueSTUDIO_for_ARM_x86_64_8.0.0/ARMTools/bin/../lib/gcc/arm-atollic-eabi/6.3.1/../../../../arm-atollic-eabi/lib/armv7e-m/fpu/libc_nano.a(lib_a-memset.o)
                0x00000000080026f0                memset
 *(.glue_7)
 .glue_7        0x0000000008002700        0x0 linker stubs
 *(.glue_7t)
 .glue_7t       0x0000000008002700        0x0 linker stubs
 *(.eh_frame)
 .eh_frame      0x0000000008002700        0x0 /opt/Atollic_TrueSTUDIO_for_ARM_x86_64_8.0.0/ARMTools/bin/../lib/gcc/arm-atollic-eabi/6.3.1/armv7e-m/fpu/crtbegin.o
 *(.init)
 .init          0x0000000008002700        0x4 /opt/Atollic_TrueSTUDIO_for_ARM_x86_64_8.0.0/ARMTools/bin/../lib/gcc/arm-atollic-eabi/6.3.1/armv7e-m/fpu/crti.o
                0x0000000008002700                _init
 .init          0x0000000008002704        0x8 /opt/Atollic_TrueSTUDIO_for_ARM_x86_64_8.0.0/ARMTools/bin/../lib/gcc/arm-atollic-eabi/6.3.1/armv7e-m/fpu/crtn.o
 *(.fini)
 .fini          0x000000000800270c        0x4 /opt/Atollic_TrueSTUDIO_for_ARM_x86_64_8.0.0/ARMTools/bin/../lib/gcc/arm-atollic-eabi/6.3.1/armv7e-m/fpu/crti.o
                0x000000000800270c                _fini
 .fini          0x0000000008002710        0x8 /opt/Atollic_TrueSTUDIO_for_ARM_x86_64_8.0.0/ARMTools/bin/../lib/gcc/arm-atollic-eabi/6.3.1/armv7e-m/fpu/crtn.o
                0x0000000008002718                . = ALIGN (0x4)
                0x0000000008002718                _etext = .

.vfp11_veneer   0x0000000008002718        0x0
 .vfp11_veneer  0x0000000008002718        0x0 linker stubs

.v4_bx          0x0000000008002718        0x0
 .v4_bx         0x0000000008002718        0x0 linker stubs

.iplt           0x0000000008002718        0x0
 .iplt          0x0000000008002718        0x0 /opt/Atollic_TrueSTUDIO_for_ARM_x86_64_8.0.0/ARMTools/bin/../lib/gcc/arm-atollic-eabi/6.3.1/armv7e-m/fpu/crtbegin.o

.rodata         0x0000000008002718       0x4c
                0x0000000008002718                . = ALIGN (0x4)
 *(.rodata)
 .rodata        0x0000000008002718       0x19 Application/User/main.o
 *fill*         0x0000000008002731        0x3 
 .rodata        0x0000000008002734        0xd Drivers/BSP/STM32F4-Discovery/stm32f4_discovery.o
                0x0000000008002734                GPIO_PIN
                0x000000000800273c                BUTTON_PIN
                0x0000000008002740                BUTTON_IRQn
 *fill*         0x0000000008002741        0x3 
 .rodata        0x0000000008002744       0x18 Drivers/CMSIS/system_stm32f4xx.o
                0x0000000008002744                AHBPrescTable
                0x0000000008002754                APBPrescTable
 .rodata        0x000000000800275c        0x5 Middlewares/FreeRTOS/tasks.o
 *(.rodata*)
                0x0000000008002764                . = ALIGN (0x4)
 *fill*         0x0000000008002761        0x3 

.rel.dyn        0x0000000008002764        0x0
 .rel.iplt      0x0000000008002764        0x0 /opt/Atollic_TrueSTUDIO_for_ARM_x86_64_8.0.0/ARMTools/bin/../lib/gcc/arm-atollic-eabi/6.3.1/armv7e-m/fpu/crtbegin.o

.ARM.extab
 *(.ARM.extab* .gnu.linkonce.armextab.*)

.ARM            0x0000000008002764        0x0
                0x0000000008002764                __exidx_start = .
 *(.ARM.exidx*)
                0x0000000008002764                __exidx_end = .

.preinit_array  0x0000000008002764        0x0
                0x0000000008002764                PROVIDE (__preinit_array_start, .)
 *(.preinit_array*)
                0x0000000008002764                PROVIDE (__preinit_array_end, .)

.init_array     0x0000000008002764        0x4
                0x0000000008002764                PROVIDE (__init_array_start, .)
 *(SORT(.init_array.*))
 *(.init_array*)
 .init_array    0x0000000008002764        0x4 /opt/Atollic_TrueSTUDIO_for_ARM_x86_64_8.0.0/ARMTools/bin/../lib/gcc/arm-atollic-eabi/6.3.1/armv7e-m/fpu/crtbegin.o
                0x0000000008002768                PROVIDE (__init_array_end, .)

.fini_array     0x0000000008002768        0x4
                [!provide]                        PROVIDE (__fini_array_start, .)
 *(SORT(.fini_array.*))
 *(.fini_array*)
 .fini_array    0x0000000008002768        0x4 /opt/Atollic_TrueSTUDIO_for_ARM_x86_64_8.0.0/ARMTools/bin/../lib/gcc/arm-atollic-eabi/6.3.1/armv7e-m/fpu/crtbegin.o
                [!provide]                        PROVIDE (__fini_array_end, .)
                0x000000000800276c                _sidata = LOADADDR (.data)

.data           0x0000000020000000       0x24 load address 0x000000000800276c
                0x0000000020000000                . = ALIGN (0x4)
                0x0000000020000000                _sdata = .
 *(.data)
 .data          0x0000000020000000       0x1c Drivers/BSP/STM32F4-Discovery/stm32f4_discovery.o
                0x0000000020000000                GPIO_PORT
                0x0000000020000010                BUTTON_PORT
                0x0000000020000014                I2cxTimeout
                0x0000000020000018                SpixTimeout
 .data          0x000000002000001c        0x4 Drivers/CMSIS/system_stm32f4xx.o
                0x000000002000001c                SystemCoreClock
 .data          0x0000000020000020        0x4 Middlewares/FreeRTOS/portable/port.o
 *(.data*)
                0x0000000020000024                . = ALIGN (0x4)
                0x0000000020000024                _edata = .
                0x0000000008002790                _siccmram = LOADADDR (.ccmram)

.igot.plt       0x0000000020000024        0x0 load address 0x0000000008002790
 .igot.plt      0x0000000020000024        0x0 /opt/Atollic_TrueSTUDIO_for_ARM_x86_64_8.0.0/ARMTools/bin/../lib/gcc/arm-atollic-eabi/6.3.1/armv7e-m/fpu/crtbegin.o

.ccmram         0x0000000010000000        0x0 load address 0x0000000008002790
                0x0000000010000000                . = ALIGN (0x4)
                0x0000000010000000                _sccmram = .
 *(.ccmram)
 *(.ccmram*)
                0x0000000010000000                . = ALIGN (0x4)
                0x0000000010000000                _eccmram = .
                0x0000000010000000                . = ALIGN (0x4)

.bss            0x0000000020000024      0xd84
                0x0000000020000024                _sbss = .
                0x0000000020000024                __bss_start__ = _sbss
 *(.bss)
 .bss           0x0000000020000024       0x1c /opt/Atollic_TrueSTUDIO_for_ARM_x86_64_8.0.0/ARMTools/bin/../lib/gcc/arm-atollic-eabi/6.3.1/armv7e-m/fpu/crtbegin.o
 .bss           0x0000000020000040        0x4 Application/User/main.o
                0x0000000020000040                xLastWakeTime1
 .bss           0x0000000020000044      0xc18 Middlewares/FreeRTOS/portable/heap_4.o
 .bss           0x0000000020000c5c        0x8 Middlewares/FreeRTOS/portable/port.o
 .bss           0x0000000020000c64      0x140 Middlewares/FreeRTOS/tasks.o
                0x0000000020000c64                pxCurrentTCB
 *(.bss*)
 *(COMMON)
 COMMON         0x0000000020000da4        0x4 Drivers/STM32F4xx_HAL_Driver/Src/stm32f4xx_hal.o
                0x0000000020000da4                uwTick
                0x0000000020000da8                . = ALIGN (0x4)
                0x0000000020000da8                _ebss = .
                0x0000000020000da8                __bss_end__ = _ebss

._user_heap_stack
                0x0000000020000da8      0x600
                0x0000000020000da8                . = ALIGN (0x4)
                0x0000000020000da8                PROVIDE (end, .)
                [!provide]                        PROVIDE (_end, .)
                0x0000000020000fa8                . = (. + _Min_Heap_Size)
 *fill*         0x0000000020000da8      0x200 
                0x00000000200013a8                . = (. + _Min_Stack_Size)
 *fill*         0x0000000020000fa8      0x400 
                0x00000000200013a8                . = ALIGN (0x4)

/DISCARD/
 libc.a(*)
 libm.a(*)
 libgcc.a(*)

.ARM.attributes
                0x0000000000000000       0x30
 *(.ARM.attributes)
 .ARM.attributes
                0x0000000000000000       0x22 /opt/Atollic_TrueSTUDIO_for_ARM_x86_64_8.0.0/ARMTools/bin/../lib/gcc/arm-atollic-eabi/6.3.1/armv7e-m/fpu/crti.o
 .ARM.attributes
                0x0000000000000022       0x34 /opt/Atollic_TrueSTUDIO_for_ARM_x86_64_8.0.0/ARMTools/bin/../lib/gcc/arm-atollic-eabi/6.3.1/armv7e-m/fpu/crtbegin.o
 .ARM.attributes
                0x0000000000000056       0x21 Application/SW4STM32/startup_stm32f407xx.o
 .ARM.attributes
                0x0000000000000077       0x39 Application/User/main.o
 .ARM.attributes
                0x00000000000000b0       0x39 Application/User/stm32f4xx_it.o
 .ARM.attributes
                0x00000000000000e9       0x39 Drivers/BSP/STM32F4-Discovery/stm32f4_discovery.o
 .ARM.attributes
                0x0000000000000122       0x39 Drivers/CMSIS/system_stm32f4xx.o
 .ARM.attributes
                0x000000000000015b       0x39 Drivers/STM32F4xx_HAL_Driver/Src/stm32f4xx_hal.o
 .ARM.attributes
                0x0000000000000194       0x39 Drivers/STM32F4xx_HAL_Driver/Src/stm32f4xx_hal_cortex.o
 .ARM.attributes
                0x00000000000001cd       0x39 Drivers/STM32F4xx_HAL_Driver/Src/stm32f4xx_hal_gpio.o
 .ARM.attributes
                0x0000000000000206       0x39 Drivers/STM32F4xx_HAL_Driver/Src/stm32f4xx_hal_rcc.o
 .ARM.attributes
                0x000000000000023f       0x39 Middlewares/FreeRTOS/list.o
 .ARM.attributes
                0x0000000000000278       0x39 Middlewares/FreeRTOS/portable/heap_4.o
 .ARM.attributes
                0x00000000000002b1       0x39 Middlewares/FreeRTOS/portable/port.o
 .ARM.attributes
                0x00000000000002ea       0x39 Middlewares/FreeRTOS/tasks.o
 .ARM.attributes
                0x0000000000000323       0x34 /opt/Atollic_TrueSTUDIO_for_ARM_x86_64_8.0.0/ARMTools/bin/../lib/gcc/arm-atollic-eabi/6.3.1/../../../../arm-atollic-eabi/lib/armv7e-m/fpu/libc_nano.a(lib_a-init.o)
 .ARM.attributes
                0x0000000000000357       0x34 /opt/Atollic_TrueSTUDIO_for_ARM_x86_64_8.0.0/ARMTools/bin/../lib/gcc/arm-atollic-eabi/6.3.1/../../../../arm-atollic-eabi/lib/armv7e-m/fpu/libc_nano.a(lib_a-memset.o)
 .ARM.attributes
                0x000000000000038b       0x22 /opt/Atollic_TrueSTUDIO_for_ARM_x86_64_8.0.0/ARMTools/bin/../lib/gcc/arm-atollic-eabi/6.3.1/armv7e-m/fpu/crtn.o
OUTPUT(HAERT_BEAT_LED_FreeRTOS.elf elf32-littlearm)

.debug_line     0x0000000000000000     0x8bcd
 .debug_line    0x0000000000000000       0x8c Application/SW4STM32/startup_stm32f407xx.o
 .debug_line    0x000000000000008c      0xe66 Application/User/main.o
 .debug_line    0x0000000000000ef2      0xbad Application/User/stm32f4xx_it.o
 .debug_line    0x0000000000001a9f      0xca6 Drivers/BSP/STM32F4-Discovery/stm32f4_discovery.o
 .debug_line    0x0000000000002745      0xa67 Drivers/CMSIS/system_stm32f4xx.o
 .debug_line    0x00000000000031ac      0xbfb Drivers/STM32F4xx_HAL_Driver/Src/stm32f4xx_hal.o
 .debug_line    0x0000000000003da7      0xd5c Drivers/STM32F4xx_HAL_Driver/Src/stm32f4xx_hal_cortex.o
 .debug_line    0x0000000000004b03      0xc24 Drivers/STM32F4xx_HAL_Driver/Src/stm32f4xx_hal_gpio.o
 .debug_line    0x0000000000005727      0xd65 Drivers/STM32F4xx_HAL_Driver/Src/stm32f4xx_hal_rcc.o
 .debug_line    0x000000000000648c      0x683 Middlewares/FreeRTOS/list.o
 .debug_line    0x0000000000006b0f      0x75f Middlewares/FreeRTOS/portable/heap_4.o
 .debug_line    0x000000000000726e      0x72a Middlewares/FreeRTOS/portable/port.o
 .debug_line    0x0000000000007998     0x1235 Middlewares/FreeRTOS/tasks.o

.debug_info     0x0000000000000000     0xcd7c
 .debug_info    0x0000000000000000      0x118 Application/SW4STM32/startup_stm32f407xx.o
 .debug_info    0x0000000000000118      0xe7b Application/User/main.o
 .debug_info    0x0000000000000f93      0x999 Application/User/stm32f4xx_it.o
 .debug_info    0x000000000000192c     0x1c64 Drivers/BSP/STM32F4-Discovery/stm32f4_discovery.o
 .debug_info    0x0000000000003590      0xd1b Drivers/CMSIS/system_stm32f4xx.o
 .debug_info    0x00000000000042ab     0x10f1 Drivers/STM32F4xx_HAL_Driver/Src/stm32f4xx_hal.o
 .debug_info    0x000000000000539c     0x15e6 Drivers/STM32F4xx_HAL_Driver/Src/stm32f4xx_hal_cortex.o
 .debug_info    0x0000000000006982      0xf7a Drivers/STM32F4xx_HAL_Driver/Src/stm32f4xx_hal_gpio.o
 .debug_info    0x00000000000078fc     0x1359 Drivers/STM32F4xx_HAL_Driver/Src/stm32f4xx_hal_rcc.o
 .debug_info    0x0000000000008c55      0xac7 Middlewares/FreeRTOS/list.o
 .debug_info    0x000000000000971c      0xbf1 Middlewares/FreeRTOS/portable/heap_4.o
 .debug_info    0x000000000000a30d      0x50f Middlewares/FreeRTOS/portable/port.o
 .debug_info    0x000000000000a81c     0x2560 Middlewares/FreeRTOS/tasks.o

.debug_abbrev   0x0000000000000000     0x1e0f
 .debug_abbrev  0x0000000000000000       0x12 Application/SW4STM32/startup_stm32f407xx.o
 .debug_abbrev  0x0000000000000012      0x26c Application/User/main.o
 .debug_abbrev  0x000000000000027e      0x17b Application/User/stm32f4xx_it.o
 .debug_abbrev  0x00000000000003f9      0x2da Drivers/BSP/STM32F4-Discovery/stm32f4_discovery.o
 .debug_abbrev  0x00000000000006d3      0x1cd Drivers/CMSIS/system_stm32f4xx.o
 .debug_abbrev  0x00000000000008a0      0x2d8 Drivers/STM32F4xx_HAL_Driver/Src/stm32f4xx_hal.o
 .debug_abbrev  0x0000000000000b78      0x374 Drivers/STM32F4xx_HAL_Driver/Src/stm32f4xx_hal_cortex.o
 .debug_abbrev  0x0000000000000eec      0x24f Drivers/STM32F4xx_HAL_Driver/Src/stm32f4xx_hal_gpio.o
 .debug_abbrev  0x000000000000113b      0x328 Drivers/STM32F4xx_HAL_Driver/Src/stm32f4xx_hal_rcc.o
 .debug_abbrev  0x0000000000001463      0x1c8 Middlewares/FreeRTOS/list.o
 .debug_abbrev  0x000000000000162b      0x29e Middlewares/FreeRTOS/portable/heap_4.o
 .debug_abbrev  0x00000000000018c9      0x1d8 Middlewares/FreeRTOS/portable/port.o
 .debug_abbrev  0x0000000000001aa1      0x36e Middlewares/FreeRTOS/tasks.o

.debug_aranges  0x0000000000000000      0x770
 .debug_aranges
                0x0000000000000000       0x28 Application/SW4STM32/startup_stm32f407xx.o
 .debug_aranges
                0x0000000000000028       0x60 Application/User/main.o
 .debug_aranges
                0x0000000000000088       0x48 Application/User/stm32f4xx_it.o
 .debug_aranges
                0x00000000000000d0       0xd8 Drivers/BSP/STM32F4-Discovery/stm32f4_discovery.o
 .debug_aranges
                0x00000000000001a8       0x28 Drivers/CMSIS/system_stm32f4xx.o
 .debug_aranges
                0x00000000000001d0       0xc8 Drivers/STM32F4xx_HAL_Driver/Src/stm32f4xx_hal.o
 .debug_aranges
                0x0000000000000298      0x118 Drivers/STM32F4xx_HAL_Driver/Src/stm32f4xx_hal_cortex.o
 .debug_aranges
                0x00000000000003b0       0x58 Drivers/STM32F4xx_HAL_Driver/Src/stm32f4xx_hal_gpio.o
 .debug_aranges
                0x0000000000000408       0x88 Drivers/STM32F4xx_HAL_Driver/Src/stm32f4xx_hal_rcc.o
 .debug_aranges
                0x0000000000000490       0x40 Middlewares/FreeRTOS/list.o
 .debug_aranges
                0x00000000000004d0       0x50 Middlewares/FreeRTOS/portable/heap_4.o
 .debug_aranges
                0x0000000000000520       0x80 Middlewares/FreeRTOS/portable/port.o
 .debug_aranges
                0x00000000000005a0      0x1d0 Middlewares/FreeRTOS/tasks.o

.debug_ranges   0x0000000000000000      0x6a8
 .debug_ranges  0x0000000000000000       0x20 Application/SW4STM32/startup_stm32f407xx.o
 .debug_ranges  0x0000000000000020       0x50 Application/User/main.o
 .debug_ranges  0x0000000000000070       0x38 Application/User/stm32f4xx_it.o
 .debug_ranges  0x00000000000000a8       0xc8 Drivers/BSP/STM32F4-Discovery/stm32f4_discovery.o
 .debug_ranges  0x0000000000000170       0x18 Drivers/CMSIS/system_stm32f4xx.o
 .debug_ranges  0x0000000000000188       0xb8 Drivers/STM32F4xx_HAL_Driver/Src/stm32f4xx_hal.o
 .debug_ranges  0x0000000000000240      0x108 Drivers/STM32F4xx_HAL_Driver/Src/stm32f4xx_hal_cortex.o
 .debug_ranges  0x0000000000000348       0x48 Drivers/STM32F4xx_HAL_Driver/Src/stm32f4xx_hal_gpio.o
 .debug_ranges  0x0000000000000390       0x78 Drivers/STM32F4xx_HAL_Driver/Src/stm32f4xx_hal_rcc.o
 .debug_ranges  0x0000000000000408       0x30 Middlewares/FreeRTOS/list.o
 .debug_ranges  0x0000000000000438       0x40 Middlewares/FreeRTOS/portable/heap_4.o
 .debug_ranges  0x0000000000000478       0x70 Middlewares/FreeRTOS/portable/port.o
 .debug_ranges  0x00000000000004e8      0x1c0 Middlewares/FreeRTOS/tasks.o

.debug_macro    0x0000000000000000    0x2122c
 .debug_macro   0x0000000000000000      0x393 Application/User/main.o
 .debug_macro   0x0000000000000393      0x8b0 Application/User/main.o
 .debug_macro   0x0000000000000c43       0x9e Application/User/main.o
 .debug_macro   0x0000000000000ce1       0x33 Application/User/main.o
 .debug_macro   0x0000000000000d14       0x28 Application/User/main.o
 .debug_macro   0x0000000000000d3c       0x22 Application/User/main.o
 .debug_macro   0x0000000000000d5e       0x87 Application/User/main.o
 .debug_macro   0x0000000000000de5       0x51 Application/User/main.o
 .debug_macro   0x0000000000000e36       0xef Application/User/main.o
 .debug_macro   0x0000000000000f25       0x6a Application/User/main.o
 .debug_macro   0x0000000000000f8f      0x1df Application/User/main.o
 .debug_macro   0x000000000000116e       0x35 Application/User/main.o
 .debug_macro   0x00000000000011a3       0x50 Application/User/main.o
 .debug_macro   0x00000000000011f3      0xe66 Application/User/main.o
 .debug_macro   0x0000000000002059    0x15e04 Application/User/main.o
 .debug_macro   0x0000000000017e5d       0x43 Application/User/main.o
 .debug_macro   0x0000000000017ea0     0x3574 Application/User/main.o
 .debug_macro   0x000000000001b414       0x46 Application/User/main.o
 .debug_macro   0x000000000001b45a       0x3c Application/User/main.o
 .debug_macro   0x000000000001b496       0x9c Application/User/main.o
 .debug_macro   0x000000000001b532       0x16 Application/User/main.o
 .debug_macro   0x000000000001b548       0x97 Application/User/main.o
 .debug_macro   0x000000000001b5df      0x30d Application/User/main.o
 .debug_macro   0x000000000001b8ec       0xfd Application/User/main.o
 .debug_macro   0x000000000001b9e9       0x10 Application/User/main.o
 .debug_macro   0x000000000001b9f9       0x52 Application/User/main.o
 .debug_macro   0x000000000001ba4b       0x1f Application/User/main.o
 .debug_macro   0x000000000001ba6a       0x43 Application/User/main.o
 .debug_macro   0x000000000001baad       0x20 Application/User/main.o
 .debug_macro   0x000000000001bacd      0x1a3 Application/User/main.o
 .debug_macro   0x000000000001bc70       0x10 Application/User/main.o
 .debug_macro   0x000000000001bc80       0x1c Application/User/main.o
 .debug_macro   0x000000000001bc9c       0x52 Application/User/main.o
 .debug_macro   0x000000000001bcee       0x40 Application/User/main.o
 .debug_macro   0x000000000001bd2e       0x10 Application/User/main.o
 .debug_macro   0x000000000001bd3e       0x40 Application/User/main.o
 .debug_macro   0x000000000001bd7e       0xd7 Application/User/main.o
 .debug_macro   0x000000000001be55       0x16 Application/User/main.o
 .debug_macro   0x000000000001be6b      0x161 Application/User/main.o
 .debug_macro   0x000000000001bfcc       0x57 Application/User/main.o
 .debug_macro   0x000000000001c023      0x96b Application/User/main.o
 .debug_macro   0x000000000001c98e      0x9e1 Application/User/main.o
 .debug_macro   0x000000000001d36f      0x11e Application/User/main.o
 .debug_macro   0x000000000001d48d      0x13e Application/User/main.o
 .debug_macro   0x000000000001d5cb       0x27 Application/User/main.o
 .debug_macro   0x000000000001d5f2      0x287 Application/User/main.o
 .debug_macro   0x000000000001d879       0x5f Application/User/main.o
 .debug_macro   0x000000000001d8d8      0x23a Application/User/main.o
 .debug_macro   0x000000000001db12      0x133 Application/User/main.o
 .debug_macro   0x000000000001dc45      0x21e Application/User/main.o
 .debug_macro   0x000000000001de63       0x2e Application/User/main.o
 .debug_macro   0x000000000001de91      0x1a7 Application/User/main.o
 .debug_macro   0x000000000001e038       0xa5 Application/User/main.o
 .debug_macro   0x000000000001e0dd      0x11e Application/User/main.o
 .debug_macro   0x000000000001e1fb       0x7f Application/User/main.o
 .debug_macro   0x000000000001e27a       0x89 Application/User/main.o
 .debug_macro   0x000000000001e303      0x202 Application/User/main.o
 .debug_macro   0x000000000001e505      0x125 Application/User/main.o
 .debug_macro   0x000000000001e62a      0x1e2 Application/User/main.o
 .debug_macro   0x000000000001e80c      0x11e Application/User/main.o
 .debug_macro   0x000000000001e92a      0x168 Application/User/main.o
 .debug_macro   0x000000000001ea92       0xeb Application/User/main.o
 .debug_macro   0x000000000001eb7d       0x10 Application/User/main.o
 .debug_macro   0x000000000001eb8d       0x1f Application/User/main.o
 .debug_macro   0x000000000001ebac      0x3d7 Application/User/main.o
 .debug_macro   0x000000000001ef83       0xc0 Application/User/main.o
 .debug_macro   0x000000000001f043       0x8c Application/User/main.o
 .debug_macro   0x000000000001f0cf      0x32c Application/User/stm32f4xx_it.o
 .debug_macro   0x000000000001f3fb      0x338 Drivers/BSP/STM32F4-Discovery/stm32f4_discovery.o
 .debug_macro   0x000000000001f733      0x1dc Drivers/BSP/STM32F4-Discovery/stm32f4_discovery.o
 .debug_macro   0x000000000001f90f      0x311 Drivers/CMSIS/system_stm32f4xx.o
 .debug_macro   0x000000000001fc20      0x36b Drivers/STM32F4xx_HAL_Driver/Src/stm32f4xx_hal.o
 .debug_macro   0x000000000001ff8b      0x30b Drivers/STM32F4xx_HAL_Driver/Src/stm32f4xx_hal_cortex.o
 .debug_macro   0x0000000000020296      0x343 Drivers/STM32F4xx_HAL_Driver/Src/stm32f4xx_hal_gpio.o
 .debug_macro   0x00000000000205d9      0x335 Drivers/STM32F4xx_HAL_Driver/Src/stm32f4xx_hal_rcc.o
 .debug_macro   0x000000000002090e      0x17c Middlewares/FreeRTOS/list.o
 .debug_macro   0x0000000000020a8a       0x16 Middlewares/FreeRTOS/list.o
 .debug_macro   0x0000000000020aa0      0x10e Middlewares/FreeRTOS/list.o
 .debug_macro   0x0000000000020bae       0x8d Middlewares/FreeRTOS/list.o
 .debug_macro   0x0000000000020c3b       0x16 Middlewares/FreeRTOS/list.o
 .debug_macro   0x0000000000020c51       0x29 Middlewares/FreeRTOS/list.o
 .debug_macro   0x0000000000020c7a      0x1a3 Middlewares/FreeRTOS/portable/heap_4.o
 .debug_macro   0x0000000000020e1d      0x19e Middlewares/FreeRTOS/portable/port.o
 .debug_macro   0x0000000000020fbb      0x260 Middlewares/FreeRTOS/tasks.o
 .debug_macro   0x000000000002121b       0x11 Middlewares/FreeRTOS/tasks.o

.debug_str      0x0000000000000000    0xc34c9
 .debug_str     0x0000000000000000    0xbee49 Application/User/main.o
                                      0xbf16f (size before relaxing)
 .debug_str     0x00000000000bee49       0x9a Application/User/stm32f4xx_it.o
                                      0xbb85d (size before relaxing)
 .debug_str     0x00000000000beee3      0xf7a Drivers/BSP/STM32F4-Discovery/stm32f4_discovery.o
                                      0xbc93d (size before relaxing)
 .debug_str     0x00000000000bfe5d       0xc9 Drivers/CMSIS/system_stm32f4xx.o
                                      0xbac98 (size before relaxing)
 .debug_str     0x00000000000bff26      0x537 Drivers/STM32F4xx_HAL_Driver/Src/stm32f4xx_hal.o
                                      0xbb739 (size before relaxing)
 .debug_str     0x00000000000c045d      0x38e Drivers/STM32F4xx_HAL_Driver/Src/stm32f4xx_hal_cortex.o
                                      0xbb544 (size before relaxing)
 .debug_str     0x00000000000c07eb      0x20c Drivers/STM32F4xx_HAL_Driver/Src/stm32f4xx_hal_gpio.o
                                      0xbaed2 (size before relaxing)
 .debug_str     0x00000000000c09f7      0x24a Drivers/STM32F4xx_HAL_Driver/Src/stm32f4xx_hal_rcc.o
                                      0xbb07c (size before relaxing)
 .debug_str     0x00000000000c0c41      0x233 Middlewares/FreeRTOS/list.o
                                       0x9ac0 (size before relaxing)
 .debug_str     0x00000000000c0e74      0x2a7 Middlewares/FreeRTOS/portable/heap_4.o
                                       0xa1d9 (size before relaxing)
 .debug_str     0x00000000000c111b      0x814 Middlewares/FreeRTOS/portable/port.o
                                       0x7696 (size before relaxing)
 .debug_str     0x00000000000c192f     0x1b9a Middlewares/FreeRTOS/tasks.o
                                       0xbd04 (size before relaxing)

.comment        0x0000000000000000       0x7c
 .comment       0x0000000000000000       0x7c Application/User/main.o
                                         0x7d (size before relaxing)
 .comment       0x000000000000007c       0x7d Application/User/stm32f4xx_it.o
 .comment       0x000000000000007c       0x7d Drivers/BSP/STM32F4-Discovery/stm32f4_discovery.o
 .comment       0x000000000000007c       0x7d Drivers/CMSIS/system_stm32f4xx.o
 .comment       0x000000000000007c       0x7d Drivers/STM32F4xx_HAL_Driver/Src/stm32f4xx_hal.o
 .comment       0x000000000000007c       0x7d Drivers/STM32F4xx_HAL_Driver/Src/stm32f4xx_hal_cortex.o
 .comment       0x000000000000007c       0x7d Drivers/STM32F4xx_HAL_Driver/Src/stm32f4xx_hal_gpio.o
 .comment       0x000000000000007c       0x7d Drivers/STM32F4xx_HAL_Driver/Src/stm32f4xx_hal_rcc.o
 .comment       0x000000000000007c       0x7d Middlewares/FreeRTOS/list.o
 .comment       0x000000000000007c       0x7d Middlewares/FreeRTOS/portable/heap_4.o
 .comment       0x000000000000007c       0x7d Middlewares/FreeRTOS/portable/port.o
 .comment       0x000000000000007c       0x7d Middlewares/FreeRTOS/tasks.o

.debug_frame    0x0000000000000000     0x1bf8
 .debug_frame   0x0000000000000000      0x124 Application/User/main.o
 .debug_frame   0x0000000000000124       0xb0 Application/User/stm32f4xx_it.o
 .debug_frame   0x00000000000001d4      0x350 Drivers/BSP/STM32F4-Discovery/stm32f4_discovery.o
 .debug_frame   0x0000000000000524       0x58 Drivers/CMSIS/system_stm32f4xx.o
 .debug_frame   0x000000000000057c      0x2e8 Drivers/STM32F4xx_HAL_Driver/Src/stm32f4xx_hal.o
 .debug_frame   0x0000000000000864      0x498 Drivers/STM32F4xx_HAL_Driver/Src/stm32f4xx_hal_cortex.o
 .debug_frame   0x0000000000000cfc      0x14c Drivers/STM32F4xx_HAL_Driver/Src/stm32f4xx_hal_gpio.o
 .debug_frame   0x0000000000000e48      0x200 Drivers/STM32F4xx_HAL_Driver/Src/stm32f4xx_hal_rcc.o
 .debug_frame   0x0000000000001048       0xd8 Middlewares/FreeRTOS/list.o
 .debug_frame   0x0000000000001120      0x108 Middlewares/FreeRTOS/portable/heap_4.o
 .debug_frame   0x0000000000001228      0x19c Middlewares/FreeRTOS/portable/port.o
 .debug_frame   0x00000000000013c4      0x7e8 Middlewares/FreeRTOS/tasks.o
 .debug_frame   0x0000000000001bac       0x2c /opt/Atollic_TrueSTUDIO_for_ARM_x86_64_8.0.0/ARMTools/bin/../lib/gcc/arm-atollic-eabi/6.3.1/../../../../arm-atollic-eabi/lib/armv7e-m/fpu/libc_nano.a(lib_a-init.o)
 .debug_frame   0x0000000000001bd8       0x20 /opt/Atollic_TrueSTUDIO_for_ARM_x86_64_8.0.0/ARMTools/bin/../lib/gcc/arm-atollic-eabi/6.3.1/../../../../arm-atollic-eabi/lib/armv7e-m/fpu/libc_nano.a(lib_a-memset.o)
