stm32f4_discovery.c:158:10:BSP_GetVersion	4	static
stm32f4_discovery.c:172:6:BSP_LED_Init	56	static
stm32f4_discovery.c:199:6:BSP_LED_On	16	static
stm32f4_discovery.c:213:6:BSP_LED_Off	16	static
stm32f4_discovery.c:227:6:BSP_LED_Toggle	16	static
stm32f4_discovery.c:250:6:BSP_PB_Init	40	static
stm32f4_discovery.c:289:10:BSP_PB_GetState	16	static
stm32f4_discovery.c:311:13:SPIx_Init	8	static
stm32f4_discovery.c:340:16:SPIx_WriteRead	32	static
stm32f4_discovery.c:357:13:SPIx_Error	8	static
stm32f4_discovery.c:369:13:SPIx_MspInit	40	static
stm32f4_discovery.c:392:13:I2Cx_Init	8	static
stm32f4_discovery.c:416:13:I2Cx_WriteData	40	static
stm32f4_discovery.c:436:17:I2Cx_ReadData	40	static
stm32f4_discovery.c:456:13:I2Cx_Error	16	static
stm32f4_discovery.c:468:13:I2Cx_MspInit	40	static
stm32f4_discovery.c:510:6:ACCELERO_IO_Init	32	static
stm32f4_discovery.c:535:6:ACCELERO_IO_ITConfig	32	static
stm32f4_discovery.c:560:6:ACCELERO_IO_Write	16	static
stm32f4_discovery.c:594:6:ACCELERO_IO_Read	16	static
stm32f4_discovery.c:628:6:AUDIO_IO_Init	32	static
stm32f4_discovery.c:660:6:AUDIO_IO_DeInit	4	static
stm32f4_discovery.c:671:6:AUDIO_IO_Write	16	static
stm32f4_discovery.c:682:9:AUDIO_IO_Read	16	static
